---
source: tests/nonzero.rs
expression: result.unwrap_err().to_string()
---
[31mError:[0m 
   [38;5;246mâ•­[0m[38;5;246mâ”€[0m[38;5;246m[[0m <unknown>:1:9 [38;5;246m][0m
   [38;5;246mâ”‚[0m
 [38;5;246m1 â”‚[0m [38;5;249m{[0m[38;5;249m"[0m[38;5;249mf[0m[38;5;249mo[0m[38;5;249mo[0m[38;5;249m"[0m[38;5;249m:[0m[38;5;249m [0m[31m0[0m[38;5;249m}[0m
 [38;5;240m  â”‚[0m         [31mâ”¬[0m  
 [38;5;240m  â”‚[0m         [31mâ•°[0m[31mâ”€[0m[31mâ”€[0m While trying to put u64 into a NonZero<u64>: value should be non-zero
[38;5;246mâ”€â”€â”€â•¯[0m
